NYSE initial 1/477 AA
NYSE initial 2/477 AAP
NYSE initial 3/477 AAUC
NYSE initial 4/477 ACI
NYSE initial 5/477 ACM
NYSE initial 6/477 AEO
NYSE initial 7/477 AES
NYSE initial 8/477 AESI
NYSE initial 9/477 AG
NYSE initial 10/477 AGI
NYSE initial 11/477 AHR
NYSE initial 12/477 AKR
NYSE initial 13/477 ALC
NYSE initial 14/477 ALK
NYSE initial 15/477 ALLY
NYSE initial 16/477 AM
NYSE initial 17/477 AMCR
NYSE initial 18/477 AMH
NYSE initial 19/477 AMN
NYSE initial 20/477 AMPX
NYSE initial 21/477 AMRZ
NYSE initial 22/477 AMTM
NYSE initial 23/477 AMX
NYSE initial 24/477 AOS
NYSE initial 25/477 APG
NYSE initial 26/477 APLE
NYSE initial 27/477 APTV
NYSE initial 28/477 AR
NYSE initial 29/477 ARE
NYSE initial 30/477 ARI
NYSE initial 31/477 ARMK
NYSE initial 32/477 AROC
NYSE initial 33/477 ARR
NYSE initial 34/477 ARX
NYSE initial 35/477 AS
NYSE initial 36/477 ASB
NYSE initial 37/477 ASX
NYSE initial 38/477 AVEX
NYSE initial 39/477 AVNS
NYSE initial 40/477 AXIA
NYSE initial 41/477 AXTA
NYSE initial 42/477 B
NYSE initial 43/477 BAC
NYSE initial 44/477 BALL
NYSE initial 45/477 BAM
NYSE initial 46/477 BANC
NYSE initial 47/477 BAX
NYSE initial 48/477 BBVA
NYSE initial 49/477 BBWI
NYSE initial 50/477 BBY
NYSE initial 51/477 BCE
NYSE initial 52/477 BCS
NYSE initial 53/477 BEKE
NYSE initial 54/477 BEN
NYSE initial 55/477 BEP
NYSE initial 56/477 BEPC
NYSE initial 57/477 BETA
NYSE initial 58/477 BILL
NYSE initial 59/477 BIPC
NYSE initial 60/477 BIRK
NYSE initial 61/477 BKD
NYSE initial 62/477 BKKT
NYSE initial 63/477 BKSY
NYSE initial 64/477 BLDR
NYSE initial 65/477 BLSH
NYSE initial 66/477 BMNR
NYSE initial 67/477 BMY
NYSE initial 68/477 BN
NYSE initial 69/477 BNL
NYSE initial 70/477 BOX
NYSE initial 71/477 BP
NYSE initial 72/477 BRO
NYSE initial 73/477 BROS
NYSE initial 74/477 BRSL
NYSE initial 75/477 BRX
NYSE initial 76/477 BSX
NYSE initial 77/477 BTI
NYSE initial 78/477 BTU
NYSE initial 79/477 BW
NYSE initial 80/477 BWA
NYSE initial 81/477 BXP
NYSE initial 82/477 CAE
NYSE initial 83/477 CAG
NYSE initial 84/477 CALY
NYSE initial 85/477 CARR
NYSE initial 86/477 CC
NYSE initial 87/477 CCL
NYSE initial 88/477 CDE
NYSE initial 89/477 CE
NYSE initial 90/477 CFG
NYSE initial 91/477 CGAU
NYSE initial 92/477 CHWY
NYSE initial 93/477 CLF
NYSE initial 94/477 CMBT
NYSE initial 95/477 CMG
NYSE initial 96/477 CMS
NYSE initial 97/477 CNC
NYSE initial 98/477 CNH
NYSE initial 99/477 CNK
NYSE initial 100/477 CNM
NYSE initial 101/477 CNP
NYSE initial 102/477 CNQ
NYSE initial 103/477 CNX
NYSE initial 104/477 COLD
NYSE initial 105/477 CPNG
NYSE initial 106/477 CPRI
NYSE initial 107/477 CRBG
NYSE initial 108/477 CRGY
NYSE initial 109/477 CRK
NYSE initial 110/477 CSTM
NYSE initial 111/477 CTRE
NYSE initial 112/477 CTRI
NYSE initial 113/477 CUBE
NYSE initial 114/477 CUZ
NYSE initial 115/477 CVE
NYSE initial 116/477 CVNA
NYSE initial 117/477 CWAN
NYSE initial 118/477 CWK
NYSE initial 119/477 CX
NYSE initial 120/477 D
NYSE initial 121/477 DAR
NYSE initial 122/477 DB
NYSE initial 123/477 DBRG
NYSE initial 124/477 DD
NYSE initial 125/477 DEI
NYSE initial 126/477 DHT
NYSE initial 127/477 DINO
NYSE initial 128/477 DNOW
NYSE initial 129/477 DOC
NYSE initial 130/477 DOCS
NYSE initial 131/477 DOW
NYSE initial 132/477 DT
NYSE initial 133/477 DVN
NYSE initial 134/477 DX
NYSE initial 135/477 EC
NYSE initial 136/477 ECVT
NYSE initial 137/477 EDU
NYSE initial 138/477 EFC
NYSE initial 139/477 EIX
NYSE initial 140/477 ELAN
NYSE initial 141/477 ELF
NYSE initial 142/477 ELS
NYSE initial 143/477 EMBJ
NYSE initial 144/477 EMN
NYSE initial 145/477 ENB
NYSE initial 146/477 ENR
NYSE initial 147/477 EPD
NYSE initial 148/477 EPRT
NYSE initial 149/477 EQH
NYSE initial 150/477 EQNR
NYSE initial 151/477 EQR
NYSE initial 152/477 EQT
NYSE initial 153/477 EQX
NYSE initial 154/477 ES
NYSE initial 155/477 ESI
NYSE initial 156/477 ESTC
NYSE initial 157/477 ET
NYSE initial 158/477 ETSY
NYSE initial 159/477 F
NYSE initial 160/477 FBIN
NYSE initial 161/477 FCX
NYSE initial 162/477 FE
NYSE initial 163/477 FHN
NYSE initial 164/477 FIG
NYSE initial 165/477 FIGS
NYSE initial 166/477 FIS
NYSE initial 167/477 FLG
NYSE initial 168/477 FLR
NYSE initial 169/477 FLS
NYSE initial 170/477 FMC
NYSE initial 171/477 FNB
NYSE initial 172/477 FND
NYSE initial 173/477 FNF
NYSE initial 174/477 FOUR
NYSE initial 175/477 FPS
NYSE initial 176/477 FRO
NYSE initial 177/477 FSK
NYSE initial 178/477 FTI
NYSE initial 179/477 FTV
NYSE initial 180/477 FUL
NYSE initial 181/477 FUN
NYSE initial 182/477 G
NYSE initial 183/477 GAP
NYSE initial 184/477 GBCI
NYSE initial 185/477 GEO
NYSE initial 186/477 GFI
NYSE initial 187/477 GFL
NYSE initial 188/477 GIS
NYSE initial 189/477 GLOB
NYSE initial 190/477 GME
NYSE initial 191/477 GMRS
NYSE initial 192/477 GPGI
NYSE initial 193/477 GPK
NYSE initial 194/477 GPN
NYSE initial 195/477 GSK
NYSE initial 196/477 GTES
NYSE initial 197/477 GXO
NYSE initial 198/477 HAE
NYSE initial 199/477 HAL
NYSE initial 200/477 HASI
NYSE initial 201/477 HAYW
NYSE initial 202/477 HBM
NYSE initial 203/477 HDB
NYSE initial 204/477 HE
NYSE initial 205/477 HESM
NYSE initial 206/477 HIMS
NYSE initial 207/477 HL
NYSE initial 208/477 HLX
NYSE initial 209/477 HMC
NYSE initial 210/477 HMY
NYSE initial 211/477 HNGE
NYSE initial 212/477 HOG
NYSE initial 213/477 HOMB
NYSE initial 214/477 HPE
NYSE initial 215/477 HPQ
NYSE initial 216/477 HR
NYSE initial 217/477 HRB
NYSE initial 218/477 HRL
NYSE initial 219/477 HTGC
NYSE initial 220/477 HUN
NYSE initial 221/477 IAG
NYSE initial 222/477 IBN
NYSE initial 223/477 IE
NYSE initial 224/477 IMAX
NYSE initial 225/477 INFQ
NYSE initial 226/477 INFY
NYSE initial 227/477 ING
NYSE initial 228/477 INGM
NYSE initial 229/477 INSP
NYSE initial 230/477 INVH
NYSE initial 231/477 IONQ
NYSE initial 232/477 IOT
NYSE initial 233/477 IP
NYSE initial 234/477 IR
NYSE initial 235/477 IRT
NYSE initial 236/477 IVZ
NYSE initial 237/477 JBS
NYSE initial 238/477 JEF
NYSE initial 239/477 JHG
NYSE initial 240/477 JHX
NYSE initial 241/477 JOBY
NYSE initial 242/477 KBR
NYSE initial 243/477 KD
NYSE initial 244/477 KEY
NYSE initial 245/477 KGC
NYSE initial 246/477 KGS
NYSE initial 247/477 KIM
NYSE initial 248/477 KLAR
NYSE initial 249/477 KMI
NYSE initial 250/477 KMX
NYSE initial 251/477 KNX
NYSE initial 252/477 KR
NYSE initial 253/477 KRG
NYSE initial 254/477 KRMN
NYSE initial 255/477 KSS
NYSE initial 256/477 KT
NYSE initial 257/477 KVUE
NYSE initial 258/477 KVYO
NYSE initial 259/477 LBRT
NYSE initial 260/477 LC
NYSE initial 261/477 LEG
NYSE initial 262/477 LEVI
NYSE initial 263/477 LION
NYSE initial 264/477 LMND
NYSE initial 265/477 LNC
NYSE initial 266/477 LTH
NYSE initial 267/477 LUV
NYSE initial 268/477 LVS
NYSE initial 269/477 LW
NYSE initial 270/477 LYB
NYSE initial 271/477 M
NYSE initial 272/477 MAC
NYSE initial 273/477 MAIN
NYSE initial 274/477 MAIR
NYSE initial 275/477 MAS
NYSE initial 276/477 MDA
NYSE initial 277/477 MDU
NYSE initial 278/477 MFC
NYSE initial 279/477 MGM
NYSE initial 280/477 MGY
NYSE initial 281/477 MIR
NYSE initial 282/477 MKC
NYSE initial 283/477 MO
NYSE initial 284/477 MOS
NYSE initial 285/477 MP
NYSE initial 286/477 MPLX
NYSE initial 287/477 MRP
NYSE initial 288/477 MT
NYSE initial 289/477 MTDR
NYSE initial 290/477 MTG
NYSE initial 291/477 MUFG
NYSE initial 292/477 MUR
NYSE initial 293/477 MWA
NYSE initial 294/477 NATL
NYSE initial 295/477 NCLH
NYSE initial 296/477 NE
NYSE initial 297/477 NI
NYSE initial 298/477 NKE
NYSE initial 299/477 NLY
NYSE initial 300/477 NNN
NYSE initial 301/477 NOG
NYSE initial 302/477 NOK
NYSE initial 303/477 NOV
NYSE initial 304/477 NTR
NYSE initial 305/477 NTST
NYSE initial 306/477 NU
NYSE initial 307/477 NVO
NYSE initial 308/477 NVRI
NYSE initial 309/477 NVST
NYSE initial 310/477 NWG
NYSE initial 311/477 NXE
NYSE initial 312/477 NYT
NYSE initial 313/477 O
NYSE initial 314/477 OBDC
NYSE initial 315/477 OGE
NYSE initial 316/477 OGN
NYSE initial 317/477 OHI
NYSE initial 318/477 OKLO
NYSE initial 319/477 OLN
NYSE initial 320/477 OMC
NYSE initial 321/477 ONON
NYSE initial 322/477 ORI
NYSE initial 323/477 ORLA
NYSE initial 324/477 OSCR
NYSE initial 325/477 OTF
NYSE initial 326/477 OTIS
NYSE initial 327/477 OUT
NYSE initial 328/477 OVV
NYSE initial 329/477 OWL
NYSE initial 330/477 OXY
NYSE initial 331/477 PAAS
NYSE initial 332/477 PATH
NYSE initial 333/477 PBA
NYSE initial 334/477 PBF
NYSE initial 335/477 PBI
NYSE initial 336/477 PBR
NYSE initial 337/477 PCG
NYSE initial 338/477 PCOR
NYSE initial 339/477 PDI
NYSE initial 340/477 PFE
NYSE initial 341/477 PHG
NYSE initial 342/477 PINS
NYSE initial 343/477 PK
NYSE initial 344/477 PL
NYSE initial 345/477 PLNT
NYSE initial 346/477 POR
NYSE initial 347/477 PPL
NYSE initial 348/477 PR
NYSE initial 349/477 PRGO
NYSE initial 350/477 PRM
NYSE initial 351/477 PRMB
NYSE initial 352/477 PUMP
NYSE initial 353/477 QBTS
NYSE initial 354/477 QGEN
NYSE initial 355/477 QXO
NYSE initial 356/477 RAL
NYSE initial 357/477 RAMP
NYSE initial 358/477 RBLX
NYSE initial 359/477 RBRK
NYSE initial 360/477 RCI
NYSE initial 361/477 RDN
NYSE initial 362/477 RDW
NYSE initial 363/477 RELX
NYSE initial 364/477 REXR
NYSE initial 365/477 REZI
NYSE initial 366/477 RF
NYSE initial 367/477 RHI
NYSE initial 368/477 RKT
NYSE initial 369/477 RNG
NYSE initial 370/477 ROL
NYSE initial 371/477 RRC
NYSE initial 372/477 RSI
NYSE initial 373/477 RXO
NYSE initial 374/477 RYAN
NYSE initial 375/477 RYN
NYSE initial 376/477 S
NYSE initial 377/477 SAN
NYSE initial 378/477 SARO
NYSE initial 379/477 SBH
NYSE initial 380/477 SBSW
NYSE initial 381/477 SEI
NYSE initial 382/477 SEM
NYSE initial 383/477 SF
NYSE initial 384/477 SFL
NYSE initial 385/477 SGHC
NYSE initial 386/477 SGI
NYSE initial 387/477 SHAK
NYSE initial 388/477 SHO
NYSE initial 389/477 SKM
NYSE initial 390/477 SKT
NYSE initial 391/477 SLB
NYSE initial 392/477 SM
NYSE initial 393/477 SMFG
NYSE initial 394/477 SMR
NYSE initial 395/477 SNN
NYSE initial 396/477 SOC
NYSE initial 397/477 SONY
NYSE initial 398/477 SSL
NYSE initial 399/477 ST
NYSE initial 400/477 STAG
NYSE initial 401/477 STM
NYSE initial 402/477 STWD
NYSE initial 403/477 SU
NYSE initial 404/477 SVM
NYSE initial 405/477 SW
NYSE initial 406/477 SYF
NYSE initial 407/477 T
NYSE initial 408/477 TAC
NYSE initial 409/477 TAK
NYSE initial 410/477 TAL
NYSE initial 411/477 TALO
NYSE initial 412/477 TAP
NYSE initial 413/477 TDC
NYSE initial 414/477 TDS
NYSE initial 415/477 TECK
NYSE initial 416/477 TEVA
NYSE initial 417/477 TFC
NYSE initial 418/477 TLK
NYSE initial 419/477 TOST
NYSE initial 420/477 TREX
NYSE initial 421/477 TRN
NYSE initial 422/477 TRP
NYSE initial 423/477 TRU
NYSE initial 424/477 TS
NYSE initial 425/477 TSN
NYSE initial 426/477 TU
NYSE initial 427/477 TWO
NYSE initial 428/477 TXNM
NYSE initial 429/477 U
NYSE initial 430/477 UBER
NYSE initial 431/477 UBS
NYSE initial 432/477 UDR
NYSE initial 433/477 UEC
NYSE initial 434/477 UGI
NYSE initial 435/477 UL
NYSE initial 436/477 UMC
NYSE initial 437/477 USB
NYSE initial 438/477 UTI
NYSE initial 439/477 UUUU
NYSE initial 440/477 VALE
NYSE initial 441/477 VET
NYSE initial 442/477 VFC
NYSE initial 443/477 VG
NYSE initial 444/477 VICI
NYSE initial 445/477 VIPS
NYSE initial 446/477 VNO
NYSE initial 447/477 VNT
NYSE initial 448/477 VOYG
NYSE initial 449/477 VSCO
NYSE initial 450/477 VSH
NYSE initial 451/477 VSTS
NYSE initial 452/477 VVV
NYSE initial 453/477 VZ
NYSE initial 454/477 W
NYSE initial 455/477 WBS
NYSE initial 456/477 WES
NYSE initial 457/477 WHR
NYSE initial 458/477 WOLF
NYSE initial 459/477 WPC
NYSE initial 460/477 WRB
NYSE initial 461/477 WRBY
NYSE initial 462/477 WT
NYSE initial 463/477 WTRG
NYSE initial 464/477 WTTR
NYSE initial 465/477 WWW
NYSE initial 466/477 WY
NYSE initial 467/477 XPEV
NYSE initial 468/477 XPRO
NYSE initial 469/477 XYZ
NYSE initial 470/477 YELP
NYSE initial 471/477 YETI
NYSE initial 472/477 YOU
NYSE initial 473/477 YPF
NYSE initial 474/477 YSS
NYSE initial 475/477 YUMC
NYSE initial 476/477 ZETA
NYSE initial 477/477 ZTO
NYSE repair round 1: retrying 11 rows
NYSE repair 1 1/11 AAUC
NYSE repair 1 2/11 AVEX
NYSE repair 1 3/11 AXIA
NYSE repair 1 4/11 BMNR
NYSE repair 1 5/11 BW
NYSE repair 1 6/11 GMRS
NYSE repair 1 7/11 MAIR
NYSE repair 1 8/11 MDA
NYSE repair 1 9/11 OTF
NYSE repair 1 10/11 PDI
NYSE repair 1 11/11 TLK
NYSE repair round 2: retrying 11 rows
NYSE repair 2 1/11 AAUC
NYSE repair 2 2/11 AVEX
NYSE repair 2 3/11 AXIA
NYSE repair 2 4/11 BMNR
NYSE repair 2 5/11 BW
NYSE repair 2 6/11 GMRS
NYSE repair 2 7/11 MAIR
NYSE repair 2 8/11 MDA
NYSE repair 2 9/11 OTF
NYSE repair 2 10/11 PDI
NYSE repair 2 11/11 TLK
NASDAQ initial 1/280 AAL
NASDAQ initial 2/280 ACAD
NASDAQ initial 3/280 ACHC
NASDAQ initial 4/280 ACMR
NASDAQ initial 5/280 ADEA
NASDAQ initial 6/280 ADPT
NASDAQ initial 7/280 ADTN
NASDAQ initial 8/280 AEVA
NASDAQ initial 9/280 AFRM
NASDAQ initial 10/280 AGNC
NASDAQ initial 11/280 AIP
NASDAQ initial 12/280 ALGM
NASDAQ initial 13/280 ALHC
NASDAQ initial 14/280 ALM
NASDAQ initial 15/280 AMKR
NASDAQ initial 16/280 APA
NASDAQ initial 17/280 APLD
NASDAQ initial 18/280 ARCC
NASDAQ initial 19/280 ARQT
NASDAQ initial 20/280 ASO
NASDAQ initial 21/280 ASST
NASDAQ initial 22/280 ATAT
NASDAQ initial 23/280 BBIO
NASDAQ initial 24/280 BEAM
NASDAQ initial 25/280 BGC
NASDAQ initial 26/280 BILI
NASDAQ initial 27/280 BKR
NASDAQ initial 28/280 BMRN
NASDAQ initial 29/280 BRKR
NASDAQ initial 30/280 BRUN
NASDAQ initial 31/280 BRZE
NASDAQ initial 32/280 BSY
NASDAQ initial 33/280 BTDR
NASDAQ initial 34/280 BTSG
NASDAQ initial 35/280 BWIN
NASDAQ initial 36/280 BZ
NASDAQ initial 37/280 CAI
NASDAQ initial 38/280 CARG
NASDAQ initial 39/280 CART
NASDAQ initial 40/280 CELH
NASDAQ initial 41/280 CENX
NASDAQ initial 42/280 CG
NASDAQ initial 43/280 CGNX
NASDAQ initial 44/280 CHYM
NASDAQ initial 45/280 CIFR
NASDAQ initial 46/280 CLBT
NASDAQ initial 47/280 CLSK
NASDAQ initial 48/280 CMCSA
NASDAQ initial 49/280 CMPS
NASDAQ initial 50/280 COGT
NASDAQ initial 51/280 COLB
NASDAQ initial 52/280 COO
NASDAQ initial 53/280 CORZ
NASDAQ initial 54/280 CPB
NASDAQ initial 55/280 CPRT
NASDAQ initial 56/280 CPRX
NASDAQ initial 57/280 CRML
NASDAQ initial 58/280 CRSP
NASDAQ initial 59/280 CRVS
NASDAQ initial 60/280 CSGP
NASDAQ initial 61/280 CSIQ
NASDAQ initial 62/280 CSX
NASDAQ initial 63/280 CTSH
NASDAQ initial 64/280 CVBF
NASDAQ initial 65/280 CZR
NASDAQ initial 66/280 DBX
NASDAQ initial 67/280 DFTX
NASDAQ initial 68/280 DKNG
NASDAQ initial 69/280 DLO
NASDAQ initial 70/280 DNLI
NASDAQ initial 71/280 DOCU
NASDAQ initial 72/280 DRH
NASDAQ initial 73/280 DRVN
NASDAQ initial 74/280 DXCM
NASDAQ initial 75/280 DYN
NASDAQ initial 76/280 EBC
NASDAQ initial 77/280 ENPH
NASDAQ initial 78/280 EQPT
NASDAQ initial 79/280 ERAS
NASDAQ initial 80/280 ERIC
NASDAQ initial 81/280 ETOR
NASDAQ initial 82/280 EXC
NASDAQ initial 83/280 EXEL
NASDAQ initial 84/280 EXLS
NASDAQ initial 85/280 EXTR
NASDAQ initial 86/280 EYE
NASDAQ initial 87/280 FAST
NASDAQ initial 88/280 FCEL
NASDAQ initial 89/280 FER
NASDAQ initial 90/280 FHB
NASDAQ initial 91/280 FIBK
NASDAQ initial 92/280 FIGR
NASDAQ initial 93/280 FISV
NASDAQ initial 94/280 FITB
NASDAQ initial 95/280 FIVN
NASDAQ initial 96/280 FLNC
NASDAQ initial 97/280 FLY
NASDAQ initial 98/280 FLYW
NASDAQ initial 99/280 FOX
NASDAQ initial 100/280 FOXA
NASDAQ initial 101/280 FROG
NASDAQ initial 102/280 FRPT
NASDAQ initial 103/280 FRVO
NASDAQ initial 104/280 FSLY
NASDAQ initial 105/280 FULT
NASDAQ initial 106/280 GBDC
NASDAQ initial 107/280 GDS
NASDAQ initial 108/280 GEHC
NASDAQ initial 109/280 GEN
NASDAQ initial 110/280 GLNG
NASDAQ initial 111/280 GLPI
NASDAQ initial 112/280 GLXY
NASDAQ initial 113/280 GMAB
NASDAQ initial 114/280 GNTX
NASDAQ initial 115/280 GPRE
NASDAQ initial 116/280 GTLB
NASDAQ initial 117/280 GTX
NASDAQ initial 118/280 HALO
NASDAQ initial 119/280 HBAN
NASDAQ initial 120/280 HIMX
NASDAQ initial 121/280 HLIT
NASDAQ initial 122/280 HSAI
NASDAQ initial 123/280 HSIC
NASDAQ initial 124/280 HST
NASDAQ initial 125/280 HTHT
NASDAQ initial 126/280 HYMC
NASDAQ initial 127/280 ICHR
NASDAQ initial 128/280 IMNM
NASDAQ initial 129/280 IMVT
NASDAQ initial 130/280 INDV
NASDAQ initial 131/280 INVA
NASDAQ initial 132/280 IRDM
NASDAQ initial 133/280 IREN
NASDAQ initial 134/280 JD
NASDAQ initial 135/280 KALV
NASDAQ initial 136/280 KC
NASDAQ initial 137/280 KDP
NASDAQ initial 138/280 KHC
NASDAQ initial 139/280 KTOS
NASDAQ initial 140/280 LBRDK
NASDAQ initial 141/280 LBTYA
NASDAQ initial 142/280 LEGN
NASDAQ initial 143/280 LI
NASDAQ initial 144/280 LINE
NASDAQ initial 145/280 LKQ
NASDAQ initial 146/280 LNT
NASDAQ initial 147/280 LPTH
NASDAQ initial 148/280 LUNR
NASDAQ initial 149/280 LWLG
NASDAQ initial 150/280 LYFT
NASDAQ initial 151/280 MARA
NASDAQ initial 152/280 MAT
NASDAQ initial 153/280 MDLN
NASDAQ initial 154/280 MDLZ
NASDAQ initial 155/280 MEOH
NASDAQ initial 156/280 MGNI
NASDAQ initial 157/280 MRNA
NASDAQ initial 158/280 MTCH
NASDAQ initial 159/280 MWH
NASDAQ initial 160/280 NAVN
NASDAQ initial 161/280 NCNO
NASDAQ initial 162/280 NESR
NASDAQ initial 163/280 NMRK
NASDAQ initial 164/280 NN
NASDAQ initial 165/280 NNE
NASDAQ initial 166/280 NRIX
NASDAQ initial 167/280 NTLA
NASDAQ initial 168/280 NTNX
NASDAQ initial 169/280 NTSK
NASDAQ initial 170/280 NVTS
NASDAQ initial 171/280 NWS
NASDAQ initial 172/280 NWSA
NASDAQ initial 173/280 OLMA
NASDAQ initial 174/280 ONB
NASDAQ initial 175/280 OPCH
NASDAQ initial 176/280 ORKA
NASDAQ initial 177/280 OTEX
NASDAQ initial 178/280 OUST
NASDAQ initial 179/280 PAA
NASDAQ initial 180/280 PAGP
NASDAQ initial 181/280 PCT
NASDAQ initial 182/280 PCVX
NASDAQ initial 183/280 PEGA
NASDAQ initial 184/280 PENG
NASDAQ initial 185/280 PENN
NASDAQ initial 186/280 PGNY
NASDAQ initial 187/280 PGY
NASDAQ initial 188/280 POET
NASDAQ initial 189/280 POWI
NASDAQ initial 190/280 PPTA
NASDAQ initial 191/280 PRCT
NASDAQ initial 192/280 PSKY
NASDAQ initial 193/280 PTEN
NASDAQ initial 194/280 PTRN
NASDAQ initial 195/280 PYPL
NASDAQ initial 196/280 QFIN
NASDAQ initial 197/280 QUBT
NASDAQ initial 198/280 RARE
NASDAQ initial 199/280 RELY
NASDAQ initial 200/280 REYN
NASDAQ initial 201/280 RGTI
NASDAQ initial 202/280 RIOT
NASDAQ initial 203/280 RIVN
NASDAQ initial 204/280 RLAY
NASDAQ initial 205/280 ROIV
NASDAQ initial 206/280 RPRX
NASDAQ initial 207/280 RRR
NASDAQ initial 208/280 RUN
NASDAQ initial 209/280 RYAAY
NASDAQ initial 210/280 SAIL
NASDAQ initial 211/280 SBLK
NASDAQ initial 212/280 SBRA
NASDAQ initial 213/280 SEDG
NASDAQ initial 214/280 SGML
NASDAQ initial 215/280 SHAZ
NASDAQ initial 216/280 SHC
NASDAQ initial 217/280 SIRI
NASDAQ initial 218/280 SKYT
NASDAQ initial 219/280 SLM
NASDAQ initial 220/280 SMCI
NASDAQ initial 221/280 SMMT
NASDAQ initial 222/280 SMPL
NASDAQ initial 223/280 SNDX
NASDAQ initial 224/280 SNY
NASDAQ initial 225/280 SOFI
NASDAQ initial 226/280 SONO
NASDAQ initial 227/280 SRAD
NASDAQ initial 228/280 SRPT
NASDAQ initial 229/280 SSNC
NASDAQ initial 230/280 SSRM
NASDAQ initial 231/280 STEP
NASDAQ initial 232/280 STNE
NASDAQ initial 233/280 SWKS
NASDAQ initial 234/280 SYM
NASDAQ initial 235/280 TCOM
NASDAQ initial 236/280 TECH
NASDAQ initial 237/280 TEM
NASDAQ initial 238/280 TENB
NASDAQ initial 239/280 TGTX
NASDAQ initial 240/280 TMDX
NASDAQ initial 241/280 TNDM
NASDAQ initial 242/280 TNGX
NASDAQ initial 243/280 TPG
NASDAQ initial 244/280 TRMB
NASDAQ initial 245/280 TRMD
NASDAQ initial 246/280 TRVI
NASDAQ initial 247/280 TSCO
NASDAQ initial 248/280 TTD
NASDAQ initial 249/280 TTEK
NASDAQ initial 250/280 TWST
NASDAQ initial 251/280 TXG
NASDAQ initial 252/280 UNIT
NASDAQ initial 253/280 UPST
NASDAQ initial 254/280 URBN
NASDAQ initial 255/280 USAR
NASDAQ initial 256/280 VCYT
NASDAQ initial 257/280 VIAV
NASDAQ initial 258/280 VISN
NASDAQ initial 259/280 VKTX
NASDAQ initial 260/280 VLY
NASDAQ initial 261/280 VNOM
NASDAQ initial 262/280 VOD
NASDAQ initial 263/280 VRDN
NASDAQ initial 264/280 VRNS
NASDAQ initial 265/280 VRRM
NASDAQ initial 266/280 VSAT
NASDAQ initial 267/280 VSNT
NASDAQ initial 268/280 VTRS
NASDAQ initial 269/280 WAY
NASDAQ initial 270/280 WBD
NASDAQ initial 271/280 WGS
NASDAQ initial 272/280 WIX
NASDAQ initial 273/280 WMG
NASDAQ initial 274/280 WSC
NASDAQ initial 275/280 WULF
NASDAQ initial 276/280 WYFI
NASDAQ initial 277/280 XE
NASDAQ initial 278/280 XNDU
NASDAQ initial 279/280 XP
NASDAQ initial 280/280 Z
NASDAQ repair round 1: retrying 7 rows
NASDAQ repair 1 1/7 BRUN
NASDAQ repair 1 2/7 FRVO
NASDAQ repair 1 3/7 IMNM
NASDAQ repair 1 4/7 MWH
NASDAQ repair 1 5/7 SHAZ
NASDAQ repair 1 6/7 XE
NASDAQ repair 1 7/7 XNDU
NASDAQ repair round 2: retrying 7 rows
NASDAQ repair 2 1/7 BRUN
NASDAQ repair 2 2/7 FRVO
NASDAQ repair 2 3/7 IMNM
NASDAQ repair 2 4/7 MWH
NASDAQ repair 2 5/7 SHAZ
NASDAQ repair 2 6/7 XE
NASDAQ repair 2 7/7 XNDU
Stage 1 Step 3 Barchart enrichment complete
- Input rows: 757
- Enriched rows: 757
- Initial missing rows: 18
- Final missing rows: 18
- NYSE: 477 rows -> stages/stage1/output/barchart_enrichment/NYSE_barchart_enriched.csv
- NASDAQ: 280 rows -> stages/stage1/output/barchart_enrichment/NASDAQ_barchart_enriched.csv
- Retry queue: stages/stage1/output/barchart_enrichment/barchart_retry_queue.csv
- Unresolved: stages/stage1/output/barchart_enrichment/barchart_unresolved.csv
- Audit log: stages/stage1/audit_logs/stage1_step3_barchart_enrichment.jsonl
- Runtime seconds: 1436.36
