stage3_operator_full_run started 20260526T031807Z
command=python -u -m stages.stage3.code.run_stage3 stages/stage2/output/Stage2_Report.csv --output-csv stages/stage3/output/Stage3_Report.csv --workers 2 --min-verdicts 0 --tiers Diamond,Strong,Standard,Watch
Processing Stage 3 tier Diamond: 6 symbols
symbol_result symbol=CLSK stage2_tier=Diamond stage3_verdict=DIAMOND category=A price=15.97 fv=21.102134844964773 stage2_target=21.5 finviz_target=20.21 fv_target_alignment=ALIGNED fv_target_gap_pct=-1.85 software_patch_required=FALSE mos=16.88170787597182 qc_fail_reason=
symbol_result symbol=MARA stage2_tier=Diamond stage3_verdict=NO ENTRY category=B price=13.81 fv=0.2612154721742008 stage2_target=15.5 finviz_target=17.78 fv_target_alignment=SEVERE_MISALIGNMENT fv_target_gap_pct=-98.31 software_patch_required=TRUE mos=0.1306077360871004 qc_fail_reason=
symbol_result symbol=PCT stage2_tier=Diamond stage3_verdict=NO ENTRY category=B price=11.32 fv=0.47775808999398484 stage2_target=14.0 finviz_target=12.71 fv_target_alignment=SEVERE_MISALIGNMENT fv_target_gap_pct=-96.24 software_patch_required=TRUE mos=0.23887904499699242 qc_fail_reason=
symbol_result symbol=QUBT stage2_tier=Diamond stage3_verdict=NO ENTRY category=B price=12.31 fv=1.1414920598073741 stage2_target=18.0 finviz_target=17.83 fv_target_alignment=SEVERE_MISALIGNMENT fv_target_gap_pct=-93.6 software_patch_required=TRUE mos=0.5707460299036871 qc_fail_reason=
symbol_result symbol=USAR stage2_tier=Diamond stage3_verdict=NO ENTRY category=B price=25.3 fv=8.023332084581625 stage2_target=35.0 finviz_target=37.43 fv_target_alignment=SEVERE_MISALIGNMENT fv_target_gap_pct=-77.08 software_patch_required=TRUE mos=4.011666042290813 qc_fail_reason=
symbol_result symbol=UUUU stage2_tier=Diamond stage3_verdict=NO ENTRY category=B price=18.04 fv=0.3205562334851166 stage2_target=28.0 finviz_target=27.89 fv_target_alignment=SEVERE_MISALIGNMENT fv_target_gap_pct=-98.85 software_patch_required=TRUE mos=0.1602781167425583 qc_fail_reason=
cascade_decision tier_completed=Diamond symbols_in_tier=6 cumulative_symbols=6 actionable=1 decision=continue reason=min_verdicts=0 disables cascade stop
Processing Stage 3 tier Strong: 15 symbols
symbol_result symbol=APLD stage2_tier=Strong stage3_verdict=NO ENTRY category=B price=45.87 fv=18.60362830636176 stage2_target=46.0 finviz_target=57.82 fv_target_alignment=SEVERE_MISALIGNMENT fv_target_gap_pct=-59.56 software_patch_required=TRUE mos=9.30181415318088 qc_fail_reason=
symbol_result symbol=ASST stage2_tier=Strong stage3_verdict=NO ENTRY category=B price=18.21 fv=1.364328562300095 stage2_target=26.0 finviz_target=29.0 fv_target_alignment=SEVERE_MISALIGNMENT fv_target_gap_pct=-94.75 software_patch_required=TRUE mos=0.6821642811500475 qc_fail_reason=
symbol_result symbol=BTDR stage2_tier=Strong stage3_verdict=QC FAIL category= price=14.65 fv= stage2_target=20.0 finviz_target=21.52 fv_target_alignment=NO_TARGET_CHECK fv_target_gap_pct= software_patch_required=FALSE mos= qc_fail_reason=SEC data unavailable or no live price
symbol_result symbol=FSLY stage2_tier=Strong stage3_verdict=NO ENTRY category=A price=16.32 fv=16.96693812042833 stage2_target=24.0 finviz_target=25.2 fv_target_alignment=ALIGNED fv_target_gap_pct=-29.3 software_patch_required=FALSE mos=13.573550496342666 qc_fail_reason=
symbol_result symbol=GLXY stage2_tier=Strong stage3_verdict=NO ENTRY category=B price=28.65 fv=-68.40599596301915 stage2_target=42.5 finviz_target=41.44 fv_target_alignment=SEVERE_MISALIGNMENT fv_target_gap_pct=-260.96 software_patch_required=TRUE mos=-34.202997981509576 qc_fail_reason=
symbol_result symbol=IREN stage2_tier=Strong stage3_verdict=NO ENTRY category=A price=56.83 fv=19.47938350670693 stage2_target=80.0 finviz_target=78.85 fv_target_alignment=SEVERE_MISALIGNMENT fv_target_gap_pct=-75.3 software_patch_required=TRUE mos=15.583506805365545 qc_fail_reason=
symbol_result symbol=RGTI stage2_tier=Strong stage3_verdict=NO ENTRY category=B price=26.42 fv=0.13514493536210148 stage2_target=30.5 finviz_target=31.0 fv_target_alignment=SEVERE_MISALIGNMENT fv_target_gap_pct=-99.56 software_patch_required=TRUE mos=0.06757246768105074 qc_fail_reason=
symbol_result symbol=RIOT stage2_tier=Strong stage3_verdict=NO ENTRY category=B price=24.49 fv=-0.23732670650632426 stage2_target=25.0 finviz_target=26.41 fv_target_alignment=SEVERE_MISALIGNMENT fv_target_gap_pct=-100.9 software_patch_required=TRUE mos=-0.11866335325316213 qc_fail_reason=
symbol_result symbol=RLAY stage2_tier=Strong stage3_verdict=NO ENTRY category=B price=13.53 fv=1.0442299158892794 stage2_target=21.5 finviz_target=24.0 fv_target_alignment=SEVERE_MISALIGNMENT fv_target_gap_pct=-95.14 software_patch_required=TRUE mos=0.5221149579446397 qc_fail_reason=
symbol_result symbol=RUN stage2_tier=Strong stage3_verdict=NO ENTRY category=B price=14.62 fv=-4.615934446474782 stage2_target=20.0 finviz_target=19.03 fv_target_alignment=SEVERE_MISALIGNMENT fv_target_gap_pct=-123.08 software_patch_required=TRUE mos=-2.307967223237391 qc_fail_reason=
symbol_result symbol=WULF stage2_tier=Strong stage3_verdict=NO ENTRY category=B price=22.82 fv=6.006538937115236 stage2_target=30.0 finviz_target=30.2 fv_target_alignment=SEVERE_MISALIGNMENT fv_target_gap_pct=-79.98 software_patch_required=TRUE mos=3.003269468557618 qc_fail_reason=
symbol_result symbol=PATH stage2_tier=Strong stage3_verdict=ENTRY category=A price=10.93 fv=13.997484615802772 stage2_target=13.0 finviz_target=13.67 fv_target_alignment=ALIGNED fv_target_gap_pct=2.4 software_patch_required=FALSE mos=11.197987692642219 qc_fail_reason=
symbol_result symbol=QBTS stage2_tier=Strong stage3_verdict=NO ENTRY category=B price=29.4 fv=0.8836136115155898 stage2_target=37.0 finviz_target=36.38 fv_target_alignment=SEVERE_MISALIGNMENT fv_target_gap_pct=-97.57 software_patch_required=TRUE mos=0.4418068057577949 qc_fail_reason=
symbol_result symbol=SOC stage2_tier=Strong stage3_verdict=QC FAIL category= price=14.74 fv= stage2_target=24.0 finviz_target=25.0 fv_target_alignment=NO_TARGET_CHECK fv_target_gap_pct= software_patch_required=FALSE mos= qc_fail_reason=zero or missing revenue
symbol_result symbol=UEC stage2_tier=Strong stage3_verdict=NO ENTRY category=B price=13.02 fv=0.9316540435871665 stage2_target=19.0 finviz_target=19.66 fv_target_alignment=SEVERE_MISALIGNMENT fv_target_gap_pct=-95.1 software_patch_required=TRUE mos=0.46582702179358326 qc_fail_reason=
cascade_decision tier_completed=Strong symbols_in_tier=15 cumulative_symbols=21 actionable=2 decision=continue reason=min_verdicts=0 disables cascade stop
Processing Stage 3 tier Standard: 27 symbols
symbol_result symbol=AMKR stage2_tier=Standard stage3_verdict=ENTRY category=A price=65.75 fv=111.89923070474654 stage2_target=70.0 finviz_target=78.75 fv_target_alignment=ALIGNED fv_target_gap_pct=42.09 software_patch_required=FALSE mos=89.51938456379725 qc_fail_reason=
symbol_result symbol=BRZE stage2_tier=Standard stage3_verdict=NO ENTRY category=A price=24.35 fv=29.345274266700297 stage2_target=32.0 finviz_target=34.85 fv_target_alignment=ALIGNED fv_target_gap_pct=-8.3 software_patch_required=FALSE mos=23.47621941336024 qc_fail_reason=
symbol_result symbol=CIFR stage2_tier=Standard stage3_verdict=NO ENTRY category=B price=21.97 fv=1.5124742361767318 stage2_target=28.0 finviz_target=31.31 fv_target_alignment=SEVERE_MISALIGNMENT fv_target_gap_pct=-94.6 software_patch_required=TRUE mos=0.7562371180883659 qc_fail_reason=
symbol_result symbol=CMPS stage2_tier=Standard stage3_verdict=QC FAIL category= price=11.81 fv= stage2_target=18.0 finviz_target=21.72 fv_target_alignment=NO_TARGET_CHECK fv_target_gap_pct= software_patch_required=FALSE mos= qc_fail_reason=SEC data unavailable or no live price
symbol_result symbol=CRML stage2_tier=Standard stage3_verdict=QC FAIL category= price=10.98 fv= stage2_target=20.0 finviz_target=19.0 fv_target_alignment=NO_TARGET_CHECK fv_target_gap_pct= software_patch_required=FALSE mos= qc_fail_reason=SEC data unavailable or no live price
symbol_result symbol=CSIQ stage2_tier=Standard stage3_verdict=ENTRY category=A price=18.88 fv=332.27870668406086 stage2_target=15.15 finviz_target=13.97 fv_target_alignment=SEVERE_MISALIGNMENT fv_target_gap_pct=2093.26 software_patch_required=TRUE mos=265.8229653472487 qc_fail_reason=
symbol_result symbol=HLIT stage2_tier=Standard stage3_verdict=NO ENTRY category=A price=15.2 fv=14.18901305211913 stage2_target=15.0 finviz_target=15.29 fv_target_alignment=ALIGNED fv_target_gap_pct=-5.41 software_patch_required=FALSE mos=11.351210441695304 qc_fail_reason=
symbol_result symbol=LUNR stage2_tier=Standard stage3_verdict=NO ENTRY category=B price=38.26 fv=0.6255955972686675 stage2_target=42.0 finviz_target=38.6 fv_target_alignment=SEVERE_MISALIGNMENT fv_target_gap_pct=-98.38 software_patch_required=TRUE mos=0.31279779863433377 qc_fail_reason=
symbol_result symbol=PGY stage2_tier=Standard stage3_verdict=ENTRY category=A price=12.76 fv=72.37666174429455 stage2_target=27.0 finviz_target=26.9 fv_target_alignment=SEVERE_MISALIGNMENT fv_target_gap_pct=168.06 software_patch_required=TRUE mos=57.901329395435646 qc_fail_reason=
symbol_result symbol=POET stage2_tier=Standard stage3_verdict=QC FAIL category= price=14.59 fv= stage2_target=7.3 finviz_target=8.4 fv_target_alignment=NO_TARGET_CHECK fv_target_gap_pct= software_patch_required=FALSE mos= qc_fail_reason=SEC data unavailable or no live price
symbol_result symbol=PPTA stage2_tier=Standard stage3_verdict=QC FAIL category= price=25.32 fv= stage2_target=39.8 finviz_target=37.69 fv_target_alignment=NO_TARGET_CHECK fv_target_gap_pct= software_patch_required=FALSE mos= qc_fail_reason=SEC data unavailable or no live price
symbol_result symbol=SEDG stage2_tier=Standard stage3_verdict=ENTRY category=A price=61.95 fv=84.72992711109546 stage2_target=36.0 finviz_target=35.49 fv_target_alignment=SEVERE_MISALIGNMENT fv_target_gap_pct=135.36 software_patch_required=TRUE mos=67.78394168887637 qc_fail_reason=
symbol_result symbol=SMCI stage2_tier=Standard stage3_verdict=ENTRY category=A price=35.58 fv=186.01638336708405 stage2_target=34.0 finviz_target=35.73 fv_target_alignment=SEVERE_MISALIGNMENT fv_target_gap_pct=420.62 software_patch_required=TRUE mos=148.81310669366724 qc_fail_reason=
symbol_result symbol=VIAV stage2_tier=Standard stage3_verdict=NO ENTRY category=A price=49.51 fv=20.26354455060874 stage2_target=65.0 finviz_target=64.43 fv_target_alignment=SEVERE_MISALIGNMENT fv_target_gap_pct=-68.55 software_patch_required=TRUE mos=16.21083564048699 qc_fail_reason=
symbol_result symbol=AMPX stage2_tier=Standard stage3_verdict=NO ENTRY category=B price=16.03 fv=0.20832558577135474 stage2_target=22.0 finviz_target=22.12 fv_target_alignment=SEVERE_MISALIGNMENT fv_target_gap_pct=-99.05 software_patch_required=TRUE mos=0.10416279288567737 qc_fail_reason=
symbol_result symbol=FIG stage2_tier=Standard stage3_verdict=NO ENTRY category=A price=22.71 fv=10.578609479913611 stage2_target=36.5 finviz_target=33.57 fv_target_alignment=SEVERE_MISALIGNMENT fv_target_gap_pct=-68.49 software_patch_required=TRUE mos=8.46288758393089 qc_fail_reason=
symbol_result symbol=INFQ stage2_tier=Standard stage3_verdict=NO ENTRY category=B price=16.35 fv=0.36800905251406996 stage2_target=21.0 finviz_target=21.0 fv_target_alignment=SEVERE_MISALIGNMENT fv_target_gap_pct=-98.25 software_patch_required=TRUE mos=0.18400452625703498 qc_fail_reason=
symbol_result symbol=IONQ stage2_tier=Standard stage3_verdict=NO ENTRY category=B price=63.64 fv=1.1634734721853721 stage2_target=65.0 finviz_target=69.95 fv_target_alignment=SEVERE_MISALIGNMENT fv_target_gap_pct=-98.21 software_patch_required=TRUE mos=0.5817367360926861 qc_fail_reason=
symbol_result symbol=JOBY stage2_tier=Standard stage3_verdict=NO ENTRY category=B price=10.92 fv=0.8669159439483423 stage2_target=10.25 finviz_target=11.79 fv_target_alignment=SEVERE_MISALIGNMENT fv_target_gap_pct=-91.54 software_patch_required=TRUE mos=0.43345797197417113 qc_fail_reason=
symbol_result symbol=KSS stage2_tier=Standard stage3_verdict=ENTRY category=A price=13.06 fv=546.5934805825907 stage2_target=15.0 finviz_target=14.77 fv_target_alignment=SEVERE_MISALIGNMENT fv_target_gap_pct=3543.96 software_patch_required=TRUE mos=437.27478446607256 qc_fail_reason=
symbol_result symbol=PL stage2_tier=Standard stage3_verdict=NO ENTRY category=A price=44.35 fv=6.053825818916373 stage2_target=35.0 finviz_target=35.36 fv_target_alignment=SEVERE_MISALIGNMENT fv_target_gap_pct=-82.7 software_patch_required=TRUE mos=4.843060655133098 qc_fail_reason=
symbol_result symbol=PUMP stage2_tier=Standard stage3_verdict=ENTRY category=A price=16.95 fv=49.76881533122251 stage2_target=20.0 finviz_target=18.36 fv_target_alignment=SEVERE_MISALIGNMENT fv_target_gap_pct=148.84 software_patch_required=TRUE mos=39.815052264978014 qc_fail_reason=
symbol_result symbol=RBRK stage2_tier=Standard stage3_verdict=NO ENTRY category=A price=66.59 fv=34.98368165245654 stage2_target=84.0 finviz_target=83.33 fv_target_alignment=SEVERE_MISALIGNMENT fv_target_gap_pct=-58.02 software_patch_required=TRUE mos=27.986945321965234 qc_fail_reason=
symbol_result symbol=SMR stage2_tier=Standard stage3_verdict=NO ENTRY category=B price=11.4 fv=1.3801453062530395 stage2_target=19.0 finviz_target=15.95 fv_target_alignment=SEVERE_MISALIGNMENT fv_target_gap_pct=-91.35 software_patch_required=TRUE mos=0.6900726531265198 qc_fail_reason=
symbol_result symbol=VG stage2_tier=Standard stage3_verdict=ENTRY category=A price=13.83 fv=54.89854343512596 stage2_target=16.0 finviz_target=15.53 fv_target_alignment=SEVERE_MISALIGNMENT fv_target_gap_pct=243.12 software_patch_required=TRUE mos=43.91883474810077 qc_fail_reason=
symbol_result symbol=VSCO stage2_tier=Standard stage3_verdict=ENTRY category=A price=52.45 fv=326.4199827416276 stage2_target=67.0 finviz_target=65.78 fv_target_alignment=SEVERE_MISALIGNMENT fv_target_gap_pct=387.19 software_patch_required=TRUE mos=261.13598619330213 qc_fail_reason=
symbol_result symbol=WOLF stage2_tier=Standard stage3_verdict=NO ENTRY category=B price=69.89 fv=7.223982683307417 stage2_target=40.0 finviz_target=40.0 fv_target_alignment=SEVERE_MISALIGNMENT fv_target_gap_pct=-81.94 software_patch_required=TRUE mos=3.6119913416537086 qc_fail_reason=
cascade_decision tier_completed=Standard symbols_in_tier=27 cumulative_symbols=48 actionable=11 decision=continue reason=min_verdicts=0 disables cascade stop
Processing Stage 3 tier Watch: 17 symbols
symbol_result symbol=AEVA stage2_tier=Watch stage3_verdict=NO ENTRY category=B price=25.32 fv=0.3639190229362608 stage2_target=24.0 finviz_target=24.1 fv_target_alignment=SEVERE_MISALIGNMENT fv_target_gap_pct=-98.48 software_patch_required=TRUE mos=0.1819595114681304 qc_fail_reason=
symbol_result symbol=ENPH stage2_tier=Watch stage3_verdict=NO ENTRY category=A price=64.03 fv=47.66041230285502 stage2_target=37.0 finviz_target=42.29 fv_target_alignment=ALIGNED fv_target_gap_pct=12.7 software_patch_required=FALSE mos=38.12832984228402 qc_fail_reason=
symbol_result symbol=FCEL stage2_tier=Watch stage3_verdict=NO ENTRY category=B price=25.01 fv=4.553647666480165 stage2_target=7.62 finviz_target=8.44 fv_target_alignment=ALIGNED fv_target_gap_pct=-40.24 software_patch_required=FALSE mos=2.2768238332400825 qc_fail_reason=
symbol_result symbol=FLNC stage2_tier=Watch stage3_verdict=NO ENTRY category=B price=21.49 fv=-3.5049877673373846 stage2_target=17.0 finviz_target=19.06 fv_target_alignment=SEVERE_MISALIGNMENT fv_target_gap_pct=-118.39 software_patch_required=TRUE mos=-1.7524938836686923 qc_fail_reason=
symbol_result symbol=GTLB stage2_tier=Watch stage3_verdict=NO ENTRY category=A price=26.73 fv=26.08222282176978 stage2_target=28.0 finviz_target=30.5 fv_target_alignment=ALIGNED fv_target_gap_pct=-6.85 software_patch_required=FALSE mos=20.865778257415826 qc_fail_reason=
symbol_result symbol=HIMX stage2_tier=Watch stage3_verdict=NO ENTRY category=A price=21.04 fv=8.108464265399697 stage2_target=23.7 finviz_target=23.7 fv_target_alignment=SEVERE_MISALIGNMENT fv_target_gap_pct=-65.79 software_patch_required=TRUE mos=6.486771412319758 qc_fail_reason=
symbol_result symbol=IRDM stage2_tier=Watch stage3_verdict=NO ENTRY category=A price=48.84 fv=32.3451861825241 stage2_target=39.0 finviz_target=35.75 fv_target_alignment=ALIGNED fv_target_gap_pct=-9.52 software_patch_required=FALSE mos=25.876148946019285 qc_fail_reason=
symbol_result symbol=LWLG stage2_tier=Watch stage3_verdict=NO ENTRY category=B price=12.85 fv=0.4983006796594323 stage2_target= finviz_target=2.71 fv_target_alignment=SEVERE_MISALIGNMENT fv_target_gap_pct=-81.61 software_patch_required=TRUE mos=0.24915033982971616 qc_fail_reason=
symbol_result symbol=NNE stage2_tier=Watch stage3_verdict=NO ENTRY category= price=26.73 fv= stage2_target=45.5 finviz_target=45.75 fv_target_alignment=NO_TARGET_CHECK fv_target_gap_pct= software_patch_required=FALSE mos= qc_fail_reason=SEC data unavailable or no live price
symbol_result symbol=OUST stage2_tier=Watch stage3_verdict=NO ENTRY category=B price=37.03 fv=0.021779958834681867 stage2_target=40.0 finviz_target=37.0 fv_target_alignment=SEVERE_MISALIGNMENT fv_target_gap_pct=-99.94 software_patch_required=TRUE mos=0.010889979417340934 qc_fail_reason=
symbol_result symbol=PENG stage2_tier=Watch stage3_verdict=NO ENTRY category=A price=53.21 fv=35.72744278056089 stage2_target=33.0 finviz_target=38.29 fv_target_alignment=ALIGNED fv_target_gap_pct=-6.69 software_patch_required=FALSE mos=28.581954224448715 qc_fail_reason=
symbol_result symbol=WYFI stage2_tier=Watch stage3_verdict=NO ENTRY category=A price=30.19 fv=13.886391970098867 stage2_target=33.5 finviz_target=35.7 fv_target_alignment=SEVERE_MISALIGNMENT fv_target_gap_pct=-58.55 software_patch_required=TRUE mos=11.109113576079094 qc_fail_reason=
symbol_result symbol=NOK stage2_tier=Watch stage3_verdict=NO ENTRY category= price=15.47 fv= stage2_target=12.85 finviz_target=11.62 fv_target_alignment=NO_TARGET_CHECK fv_target_gap_pct= software_patch_required=FALSE mos= qc_fail_reason=SEC data unavailable or no live price
symbol_result symbol=OKLO stage2_tier=Watch stage3_verdict=QC FAIL category= price=65.88 fv= stage2_target=85.0 finviz_target=88.37 fv_target_alignment=NO_TARGET_CHECK fv_target_gap_pct= software_patch_required=FALSE mos= qc_fail_reason=SEC data unavailable or no live price
symbol_result symbol=VOYG stage2_tier=Watch stage3_verdict=NO ENTRY category=B price=44.64 fv=5.952734700309603 stage2_target=39.0 finviz_target=38.3 fv_target_alignment=SEVERE_MISALIGNMENT fv_target_gap_pct=-84.46 software_patch_required=TRUE mos=2.9763673501548014 qc_fail_reason=
symbol_result symbol=VSH stage2_tier=Watch stage3_verdict=NO ENTRY category=A price=47.25 fv=82.44021143483178 stage2_target=28.0 finviz_target=34.0 fv_target_alignment=SEVERE_MISALIGNMENT fv_target_gap_pct=142.47 software_patch_required=TRUE mos=65.95216914786543 qc_fail_reason=
symbol_result symbol=YSS stage2_tier=Watch stage3_verdict=NO ENTRY category=B price=29.03 fv=4.7220163323829425 stage2_target=35.5 finviz_target=34.67 fv_target_alignment=SEVERE_MISALIGNMENT fv_target_gap_pct=-86.38 software_patch_required=TRUE mos=2.3610081661914712 qc_fail_reason=
cascade_decision tier_completed=Watch symbols_in_tier=17 cumulative_symbols=65 actionable=11 decision=continue reason=min_verdicts=0 disables cascade stop
Stage 3 report complete
- Output CSV: /home/hermes/market-funnel/stages/stage3/output/Stage3_Report.csv
- Log: /home/hermes/market-funnel/stages/stage3/audit_logs/stage3_run_20260526T031807Z.log
- Audit JSONL: /home/hermes/market-funnel/stages/stage3/audit_logs/stage3_run_20260526T031807Z.jsonl
- Verdict counts: {'NO ENTRY': 47, 'DIAMOND': 1, 'QC FAIL': 7, 'ENTRY': 10}
stage3_operator_full_run ended 20260526T031907Z status=0
